// Jest Snapshot v1, https://goo.gl/fbAQLP

exports[`snapshot Matches the snapshot 1`] = `
Object {
  "asFragment": [Function],
  "baseElement": <body>
    <div>
      <div
        class="container container_medium"
        data-testid="star_rating"
      >
        <div
          aria-label="Ocena: 5. Na podstawie 100 głosów."
          class="wrapper"
        >
          <div
            data-testid="star"
            role="presentation"
          >
            <span
              class="material-icons teal medium"
            >
              star
            </span>
          </div>
          <div
            data-testid="star"
            role="presentation"
          >
            <span
              class="material-icons teal medium"
            >
              star
            </span>
          </div>
          <div
            data-testid="star"
            role="presentation"
          >
            <span
              class="material-icons teal medium"
            >
              star
            </span>
          </div>
          <div
            data-testid="star"
            role="presentation"
          >
            <span
              class="material-icons teal medium"
            >
              star
            </span>
          </div>
          <div
            data-testid="star"
            role="presentation"
          >
            <span
              class="material-icons teal medium"
            >
              star
            </span>
          </div>
        </div>
        <span
          class="votes text_medium votes_medium"
        >
          100
        </span>
      </div>
    </div>
  </body>,
  "container": <div>
    <div
      class="container container_medium"
      data-testid="star_rating"
    >
      <div
        aria-label="Ocena: 5. Na podstawie 100 głosów."
        class="wrapper"
      >
        <div
          data-testid="star"
          role="presentation"
        >
          <span
            class="material-icons teal medium"
          >
            star
          </span>
        </div>
        <div
          data-testid="star"
          role="presentation"
        >
          <span
            class="material-icons teal medium"
          >
            star
          </span>
        </div>
        <div
          data-testid="star"
          role="presentation"
        >
          <span
            class="material-icons teal medium"
          >
            star
          </span>
        </div>
        <div
          data-testid="star"
          role="presentation"
        >
          <span
            class="material-icons teal medium"
          >
            star
          </span>
        </div>
        <div
          data-testid="star"
          role="presentation"
        >
          <span
            class="material-icons teal medium"
          >
            star
          </span>
        </div>
      </div>
      <span
        class="votes text_medium votes_medium"
      >
        100
      </span>
    </div>
  </div>,
  "debug": [Function],
  "findAllByAltText": [Function],
  "findAllByDisplayValue": [Function],
  "findAllByLabelText": [Function],
  "findAllByPlaceholderText": [Function],
  "findAllByRole": [Function],
  "findAllByTestId": [Function],
  "findAllByText": [Function],
  "findAllByTitle": [Function],
  "findByAltText": [Function],
  "findByDisplayValue": [Function],
  "findByLabelText": [Function],
  "findByPlaceholderText": [Function],
  "findByRole": [Function],
  "findByTestId": [Function],
  "findByText": [Function],
  "findByTitle": [Function],
  "getAllByAltText": [Function],
  "getAllByDisplayValue": [Function],
  "getAllByLabelText": [Function],
  "getAllByPlaceholderText": [Function],
  "getAllByRole": [Function],
  "getAllByTestId": [Function],
  "getAllByText": [Function],
  "getAllByTitle": [Function],
  "getByAltText": [Function],
  "getByDisplayValue": [Function],
  "getByLabelText": [Function],
  "getByPlaceholderText": [Function],
  "getByRole": [Function],
  "getByTestId": [Function],
  "getByText": [Function],
  "getByTitle": [Function],
  "queryAllByAltText": [Function],
  "queryAllByDisplayValue": [Function],
  "queryAllByLabelText": [Function],
  "queryAllByPlaceholderText": [Function],
  "queryAllByRole": [Function],
  "queryAllByTestId": [Function],
  "queryAllByText": [Function],
  "queryAllByTitle": [Function],
  "queryByAltText": [Function],
  "queryByDisplayValue": [Function],
  "queryByLabelText": [Function],
  "queryByPlaceholderText": [Function],
  "queryByRole": [Function],
  "queryByTestId": [Function],
  "queryByText": [Function],
  "queryByTitle": [Function],
  "rerender": [Function],
  "unmount": [Function],
}
`;
